=== Testing 5 Requests with Session Resumption ===
Target: https://quic.browserleaks.com/?minify=1
------------------------------------------------------------

=== Request 1 ===
[DEBUG QUIC Pool] No session for host="quic.browserleaks.com" (ok=false, cs=<nil>)
[DEBUG QUIC Pool] Using regular spec (hasSession=false, cachedPSKSpec=true)
[DEBUG utls] shouldLoadSession: sessionTicketExt=false, pskExtension=false, buildStatus=0, loadTracker=0, state=0
[DEBUG utls] shouldLoadSession: returning shouldReturn (no session extensions)
[DEBUG ECH] clientHelloBuildStatus=1 (BuildByUtls=1), skipping ECH rebuild (already done)
[DEBUG ECH+PSK] ECH enabled: inner.earlyData=false, outer.earlyData=false
[DEBUG ECH+PSK] About to read ServerHello...
[DEBUG quic] handleEvent: kind=3
[DEBUG quic] handleEvent: kind=0
[DEBUG 0RTT] Not doing 0-RTT. Has sealer: false, has params: false
[DEBUG utls] shouldLoadSession: sessionTicketExt=false, pskExtension=false, buildStatus=0, loadTracker=0, state=0
[DEBUG utls] shouldLoadSession: returning shouldReturn (no session extensions)
[DEBUG ECH] clientHelloBuildStatus=1 (BuildByUtls=1), skipping ECH rebuild (already done)
[DEBUG ECH+PSK] ECH enabled: inner.earlyData=false, outer.earlyData=false
[DEBUG ECH+PSK] About to read ServerHello...
[DEBUG quic] handleEvent: kind=3
[DEBUG quic] handleEvent: kind=0
[DEBUG 0RTT] Not doing 0-RTT. Has sealer: false, has params: false
[ECH DEBUG] echTranscriptMsg CALLED, total count=1
[ECH DEBUG] === echTranscriptMsg ===
[ECH DEBUG]   expandedInnerHello len: 0
[ECH DEBUG]   innerTranscript hash BEFORE write: e3b0c44298fc1c149afbf4c8996fb924
[ECH DEBUG]   No expandedInnerHello available, using encode/decode path (non-PSK case)
[ECH DEBUG]   Non-PSK writing to transcript: len=1522
[ECH DEBUG]   Non-PSK transcript input first64=010005ee0303c6b1bf842bf2276cbc3a1175f07a3bdb1b7b0ef7ad51b3ac5744c18502258338000006130113021303010005bffe0d0001010000001a00180000
[ECH DEBUG]   Non-PSK transcript input last64=7530060480600000200480010000c04309f99c2870240cba3a87c168cc09e9c321a679002d00020101001000050003026833000a000a000811ec001d00170018
[ECH DEBUG]   Non-PSK innerTranscript hash after write=b12b06c6b7e46d1aaf32a4282d731830

[DEBUG ECH Confirm] ============ ECH CONFIRMATION CHECK ============
[DEBUG ECH Confirm] innerHello.random[:8]=c6b1bf842bf2276c

[DEBUG ECH Confirm] === FULL SERVER HELLO ===
[SH 0000-0064] 020004960303efdd7c9bbcd52235c89b298291a21a1d44df689d3f6cd40aef27ff74a52196dc00130100046e002b000203040033046411ec04608d82bceba6ef
[SH 0064-0128] 99316856577d7d056c0cd9217b44ee38b8ec88898b500ed9db5eab1d4da47a8b1a6b648f6c0c5c710d04b41bb62cfbf079dd5e0af2238128cfac4eefa0665d39
[SH 0128-0192] 5c618c98970b6b595b44a29f7bf46d7b8ec387d3d231d8bb17533169a4616c56cff03aea29fc0743077e8de1b1b3d138800d4966e043a2f66faecb25cacd0856
[SH 0192-0256] 09900d6cf6a17a99adc7a292dd9f00d507d25a524e115a36be20dc075383f931d478a848903beb3e6b880f2a1f4c6a8544fa0aea65a1b450042d4b20a9f0a01a
[SH 0256-0320] 85de22f36b35daf82773fa2c99f3021adb75586e941dfa876b3be7ae0c35c4bc4912eab020ecaa10613c19894b8e00183c61f8b872e8b427db5b2de8a00cb9d0
[SH 0320-0384] 9affb68ddf9d7c42754137d8a777bf298fa59f22e082c516e54e42f2334525d66e9f183e807a3dbe53a0bd7a9437fe14aad31e2395f5eb1d99189456fd0300b3
[SH 0384-0448] 6c327144ac9bc80b8a751021e0052b25140f71fd61d5ae905638e979e190479cce79b06b159296c5823c6847acfba3447e2d6e772f7aa555fb34c1ff9a9a94b9
[SH 0448-0512] cae92612b8fc26d355280e14689c2ee4e3cba5de0742b8a6b9adce950d8b0939a1c7a388b97f855a6d99716d2ef2dfbd9ff9818c7b057176e1977a617e54866b
[SH 0512-0576] 39e06139e511e529f41564c12950bbb3b4cd3ff9532f5c2cb18ab1f6a027edf090a6eed981bec2c0fa9153e4e28ce198fabd08d73d45641036405c1039edf1f9
[SH 0576-0640] 11ec2853e9fc178a84098282931c9a39632a30983d8514f7131171de35440b2162843223bd8cd1c1e2d312594c6df5b583d5702f9234885972647662c331c42a
[SH 0640-0704] b7bdd076605b1e580e728e2efe71e5546c0c04e9b1d1dbf05960ed3d7d0528bb5e2da6415d9ce630c6cc9be703b3494c851b2c1772a9a4a82cba2c881b6b8d1b
[SH 0704-0768] d18652b02beecc15aa0da05083c01e93fc89c5e20ff4659df130151c17ef0ed42812760fb198770c5a90bc140c0b156e34f99e8dfe9cc8b035b78dabf198325a
[SH 0768-0832] 42a879ff6784a27ef4c5bf8b0c7155d24dbafd78e15492ffc301e98d0f707a3b1f4b013cf38b227ed3e2278227e73101141c52093bd55183bbf0fed0afed11c0
[SH 0832-0896] 6288b9346025fe62dccbd708295697f414f63dce00abd54ec25cdabc5c20f6e7ff454bd00e611385fea379d228e655c9f849ef1ba821e44b7bc88fc1285a7b19
[SH 0896-0960] 965448381bd7544ac0f383046433a7f86ed9e610e61ef5a3d3d8c9fe27900d43a86d78a1902cb370f1f0e971827ed52328b1c58c37be304ac7ca2f2c2a31177c
[SH 0960-1024] ec102089d05e6e55914e2d2a68bd86a4aacb0b2761016d06252a9729d9fc77ca7e377f89f47bcbe66976ddd2064f943ee7e3bfb95e72c07aca32a810b4d0666d
[SH 1024-1088] a0fbcbd02c83d9db1d3dc987debe4b328346f7366cde86666231e237da0411fc4e621a7ac36d72b55c66d2c0c660f051c1daf98a0e02cf2b831429cc27ee3375
[SH 1088-1152] b3ac9bf660dd99e580546bced8d2f8c1c5ff6263e7419762c289d85726c5339e28792b35bb741d4cabf01f7a339e801e064756cbf89c3e7bc57da934a6a4309a
[SH 1152-1178] 8ed22d09459ae3e85ffca714bf4ecb9b2a01923c379450152e44
[DEBUG ECH Confirm] === END SERVER HELLO ===

[DEBUG ECH Confirm] innerTranscript hash before SH=b12b06c6b7e46d1aaf32a4282d731830
[DEBUG ECH Confirm] confTranscript hash=bcb6b30a58c105a4a17b5ab92a405623
[DEBUG ECH Confirm] serverHello.original len=1178, first16=020004960303efdd7c9bbcd52235c89b
[DEBUG ECH Confirm] serverHello.random[:8]=efdd7c9bbcd52235, [24:]=ef27ff74a52196dc
[DEBUG ECH Confirm] original[30:38]=ef27ff74a52196dc (should match random[24:])
[DEBUG ECH Confirm] full innerHello.random=c6b1bf842bf2276cbc3a1175f07a3bdb1b7b0ef7ad51b3ac5744c18502258338
[DEBUG ECH Confirm] prfSecret=17a2dd7838e8921d9398e34174997e5b8ecc1de5df31ea5dd9d4b6fce3c4c424
[DEBUG ECH Confirm] transcriptHash=bcb6b30a58c105a4a17b5ab92a405623f4cafc1079b4368620c1848b26e91f04
[DEBUG ECH Confirm] computed=ef27ff74a52196dc, server=ef27ff74a52196dc, match=true
[DEBUG quic] handleEvent: kind=2
[DEBUG 0RTT] setWriteKey: level=2, suiteID=4865
[DEBUG quic] handleEvent: kind=1
[DEBUG quic] handleEvent: kind=0
[DEBUG quic] handleEvent: kind=4
[DEBUG quic] handleEvent: kind=0
[DEBUG quic] handleEvent: kind=3
[DEBUG quic] handleEvent: kind=2
[DEBUG 0RTT] setWriteKey: level=3, suiteID=4865
[DEBUG quic] handleEvent: kind=7
[DEBUG quic] handleEvent: kind=1
[DEBUG quic] handleEvent: kind=0
[DEBUG utls] handleNewSessionTicket: ticketsDisabled=false, cacheNil=false, quicNil=false
[DEBUG utls] handleNewSessionTicket: quic=true, enableSessionEvents=true
[DEBUG utls] handleNewSessionTicket: calling quicStoreSession
[DEBUG utls] quicStoreSession: session=true, quicNil=false
[DEBUG utls] quicStoreSession: event appended, events len=1
[DEBUG utls] NextEvent: returning QUICStoreSession, SessionState=true
[DEBUG quic] handleEvent: kind=9
[DEBUG quic] QUICStoreSession event received, earlyData=true
[DEBUG utls] StoreSession: uquicConnPtr=0xc000192220, uconnPtr=0xc0001d4248, connPtr=0xc0001d2008, configPtr=0xc0001b2400, cachePtr=0xc00007cf00, cacheKey=quic.browserleaks.com
[DEBUG utls] StoreSession: storing session with earlyData=true
[DEBUG quic] handleEvent: kind=0
0-RTT: FALSE | Status: 200 | Protocol: h3 | Time: 5.9448451s
Waiting 500ms for session ticket processing...

=== Request 2 ===
[DEBUG QUIC Pool] Session found for host="quic.browserleaks.com"
[DEBUG QUIC Pool] Using PSK spec (hasSession=true, cachedPSKSpec=true)
[DEBUG utls] shouldLoadSession: sessionTicketExt=false, pskExtension=true, buildStatus=0, loadTracker=0, state=0
[DEBUG utls] shouldLoadSession: returning shouldLoad
[DEBUG utls] loadSession called, ticketsDisabled=false, cacheNil=false, connPtr=0xc00044e008, configPtr=0xc0002cea00
[DEBUG utls] loadSession: cacheKey=quic.browserleaks.com
[DEBUG utls] loadSession: calling cache.Get(quic.browserleaks.com), cacheType=*tls.lruSessionCache, cachePtr=0xc00007cf00
[DEBUG utls] loadSession: cache.Get returned ok=true, csNil=false
[DEBUG quic] handleEvent: kind=8
[DEBUG quic] QUICResumeSession event received, earlyData=true
[DEBUG 0RTT] handleDataFromSessionState: earlyData=true, allow0RTT=true, data_len=37
[DEBUG 0RTT] decodeDataFromSessionState: tp=true
[DEBUG 0RTT] Setting zeroRTTParameters, returning true
[DEBUG ECH] clientHelloBuildStatus=1 (BuildByUtls=1), skipping ECH rebuild (already done)
[DEBUG ECH+PSK] ECH enabled: inner.earlyData=true, outer.earlyData=true
[DEBUG ECH+PSK] Setting up early traffic secret...
[DEBUG ECH+PSK] Using stored expandedInnerHello for early traffic: len=1911
[DEBUG ECH+PSK] Wrote expandedInnerHello to transcript
[DEBUG ECH+PSK] Early traffic transcript hash: bf3d42b303f9b9af1ac9ac056a5a79bf
[DEBUG ECH+PSK] Calling quicSetWriteSecret for early data...
[DEBUG ECH+PSK] Early traffic secret set successfully
[DEBUG ECH+PSK] About to read ServerHello...
[DEBUG quic] handleEvent: kind=3
[DEBUG quic] handleEvent: kind=2
[DEBUG 0RTT] setWriteKey: level=1, suiteID=4865
[DEBUG 0RTT] Setting 0-RTT write key!
[DEBUG 0RTT] zeroRTTSealer created: true
[DEBUG quic] handleEvent: kind=0
[DEBUG 0RTT] Doing 0-RTT! zeroRTTSealer=true, zeroRTTParameters=true
[DEBUG ECH+PSK] Handshake failed with error: local error: tls: close notify
Error: HTTP/3 failed: context deadline exceeded
Elapsed: 30.0005968s

=== Request 3 ===
[DEBUG QUIC Pool] No session for host="quic.browserleaks.com" (ok=false, cs=<nil>)
[DEBUG QUIC Pool] Using regular spec (hasSession=false, cachedPSKSpec=true)
[DEBUG utls] shouldLoadSession: sessionTicketExt=false, pskExtension=false, buildStatus=0, loadTracker=0, state=0
[DEBUG utls] shouldLoadSession: returning shouldReturn (no session extensions)
[DEBUG ECH] clientHelloBuildStatus=1 (BuildByUtls=1), skipping ECH rebuild (already done)
[DEBUG ECH+PSK] ECH enabled: inner.earlyData=false, outer.earlyData=false
[DEBUG ECH+PSK] About to read ServerHello...
[DEBUG quic] handleEvent: kind=3
[DEBUG quic] handleEvent: kind=0
[DEBUG 0RTT] Not doing 0-RTT. Has sealer: false, has params: false
[DEBUG utls] shouldLoadSession: sessionTicketExt=false, pskExtension=false, buildStatus=0, loadTracker=0, state=0
[DEBUG utls] shouldLoadSession: returning shouldReturn (no session extensions)
[DEBUG ECH] clientHelloBuildStatus=1 (BuildByUtls=1), skipping ECH rebuild (already done)
[DEBUG ECH+PSK] ECH enabled: inner.earlyData=false, outer.earlyData=false
[DEBUG ECH+PSK] About to read ServerHello...
[DEBUG quic] handleEvent: kind=3
[DEBUG quic] handleEvent: kind=0
[DEBUG 0RTT] Not doing 0-RTT. Has sealer: false, has params: false
[ECH DEBUG] echTranscriptMsg CALLED, total count=2
[ECH DEBUG] === echTranscriptMsg ===
[ECH DEBUG]   expandedInnerHello len: 0
[ECH DEBUG]   innerTranscript hash BEFORE write: e3b0c44298fc1c149afbf4c8996fb924
[ECH DEBUG]   No expandedInnerHello available, using encode/decode path (non-PSK case)
[ECH DEBUG]   Non-PSK writing to transcript: len=1525
[ECH DEBUG]   Non-PSK transcript input first64=010005f1030310c0b1e2bc3aa9b8d71a84e599eead4b5decb83208aeb779f21e204cd1b9ecc2000006130113021303010005c2fe0d0001010000001a00180000
[ECH DEBUG]   Non-PSK transcript input last64=0480600000200480010000c0152bc5ca3a08310f31d260b1a3122055bc673316a07698002d00020101001000050003026833000a000a000811ec001d00170018
[ECH DEBUG]   Non-PSK innerTranscript hash after write=e4e17768b6841b804c142fb35d9059ef

[DEBUG ECH Confirm] ============ ECH CONFIRMATION CHECK ============
[DEBUG ECH Confirm] innerHello.random[:8]=10c0b1e2bc3aa9b8

[DEBUG ECH Confirm] === FULL SERVER HELLO ===
[SH 0000-0064] 020004960303065874c06bd31df5a44d546d7f2a859abc0a28443c61e09f0f63462cf468407700130100046e002b000203040033046411ec0460bd1640a5b77e
[SH 0064-0128] 869852c547c10caa8c95803c257b323f02ed5fcdf2d98def2a7c318fa41fc57c258d349cdc7e732fe4487f5d0313be324c089010593ac6fef81a21831dde49eb
[SH 0128-0192] 65ce8eb3390f3f568a9b55de7704cb99f08d33f658b630ab0eb650fe6e37c63525d9b301836fd2ce3e8800aac06d3b2fd35650e64654bdb947944ecf77361d59
[SH 0192-0256] ecfed13cd1866bff5f18936b8f59095b6b0bcd53bc7ed63b34e82f30356536a267575917f5b633f5be120cf5316c54c62261df99895dacaf65b8233055c5b8d9
[SH 0256-0320] 91f4356f019116de84cda0ab0de119c259199540b923c42c7e6d66583c95e1ee36744e5433017430cc2ec7d584bb5790ece5eb67fd2b582d1785a3662e0c4ce6
[SH 0320-0384] 6fa2c85f148a6d43f565023a4ecc05d43b81b599f2596f9f04b4e1b797255247796ecfbdb4d48243887cab13a7bbff2a15c3e71f0f3eae15ca6beb11cd524897
[SH 0384-0448] 4342bd27cc78b72de62c0358b58063b54c9439da139acd71700f978a0809b52527b1dd20d109a496d6680b7c4fed3e322712fb691da08c83998dc7e4042635f3
[SH 0448-0512] 805ae97156e96dc295ae4d91b850c3e51c88957cbf00812230d5651dd09b0002e27c00bf9b1242278045f4cb2f327e029c62302a8b896b4430633b9db81a3ce2
[SH 0512-0576] 6ae1a1d043c15abfffb9086ce28fa19233b1f7098cdda2ede3a27e3bbbfee248c45e8ffb5a4ee858947ea91d4901a390a0fcf3c8c5fda6d7567b030ec48fe99a
[SH 0576-0640] d192852717ef483a1fa4101f3cf4c797018d13022431628aab7a1bb81f68a4457f0709b0d92bcdc7e49c6c849dd1ba243007131fa9b7bd0d5414238de4e9c476
[SH 0640-0704] 9a31a3099753ec3d8ba83c371e9e7b455ec231de9fd8a94acf56a02d27b51a08327efdeff402dfacb03d543162a9a752a67cd1487b7c36be0c4c154f7757d0ab
[SH 0704-0768] 16bb0d8e0757ca43bb3febce96df700464c2703d904ecbc42a5e3e356389f6f5ad49687eaae8882b5bd9ef91adbb4fb9d5aeac02d1b23cbc10af03473e723c7c
[SH 0768-0832] 7057f9ab4a7c7044380b01b153116196f72119ee4b1f8094db92b77147537c659204d54ab1899b8749eb37b5115aa6b31315d761a2039719254359aafcda79b5
[SH 0832-0896] c549993105182e7822e7c43d266f3a4eec416fea4a9466e2987d061df9123e9e9827e89cefff7bfe044d9ce7defa53c84478acc21bdc1f77d99f436b691b4325
[SH 0896-0960] 99fb3fad797cfb8b8ceb54a7273d45dc91ad27e2718eb0934f82248d53d4bf08bbc45a7ae065f4ca2ed1a848a19f08bcb8a38f55634b2c83c686347a2df65ed8
[SH 0960-1024] 4e93e8a25252d4f20d574e825a4cf3e3d74541499935229c1288b820b6d93061a542ac5727c3a4a96bc96bc1ed2e778783f79d046a58440f63763abae09455ce
[SH 1024-1088] e7f8c90b8bad388c403ddd5e6a1b440500a72ed8331e60e8d2aa5e8ea6329a9ff624e90d10150a62eaa0bc3bb10bdcb971012d8561a77190a4953b0842dc4662
[SH 1088-1152] bec554c8bfb0964e692d825848551afebb690884e0ca116b01be8df23cc25a9b15cf2e228bfd339ed1df493b277cd6c749c889f801cc93d0317694bcb2b37122
[SH 1152-1178] c2c5a7d8a1593c254951c9dc51e23b91b0f41f62b958735ce81a
[DEBUG ECH Confirm] === END SERVER HELLO ===

[DEBUG ECH Confirm] innerTranscript hash before SH=e4e17768b6841b804c142fb35d9059ef
[DEBUG ECH Confirm] confTranscript hash=29cfd15602432cf386775a17196621aa
[DEBUG ECH Confirm] serverHello.original len=1178, first16=020004960303065874c06bd31df5a44d
[DEBUG ECH Confirm] serverHello.random[:8]=065874c06bd31df5, [24:]=0f63462cf4684077
[DEBUG ECH Confirm] original[30:38]=0f63462cf4684077 (should match random[24:])
[DEBUG ECH Confirm] full innerHello.random=10c0b1e2bc3aa9b8d71a84e599eead4b5decb83208aeb779f21e204cd1b9ecc2
[DEBUG ECH Confirm] prfSecret=6173a023e91ec3bf8ec28fba945652d3a4b3d828aeb459e60fb9eab0c87058c1
[DEBUG ECH Confirm] transcriptHash=29cfd15602432cf386775a17196621aaeb16e16e2a93d37ce925c845f6c09d12
[DEBUG ECH Confirm] computed=0f63462cf4684077, server=0f63462cf4684077, match=true
[DEBUG quic] handleEvent: kind=2
[DEBUG 0RTT] setWriteKey: level=2, suiteID=4865
[DEBUG quic] handleEvent: kind=1
[DEBUG quic] handleEvent: kind=0
[DEBUG quic] handleEvent: kind=4
[DEBUG quic] handleEvent: kind=0
[DEBUG quic] handleEvent: kind=3
[DEBUG quic] handleEvent: kind=2
[DEBUG 0RTT] setWriteKey: level=3, suiteID=4865
[DEBUG quic] handleEvent: kind=7
[DEBUG quic] handleEvent: kind=1
[DEBUG quic] handleEvent: kind=0
[DEBUG utls] handleNewSessionTicket: ticketsDisabled=false, cacheNil=false, quicNil=false
[DEBUG utls] handleNewSessionTicket: quic=true, enableSessionEvents=true
[DEBUG utls] handleNewSessionTicket: calling quicStoreSession
[DEBUG utls] quicStoreSession: session=true, quicNil=false
[DEBUG utls] quicStoreSession: event appended, events len=1
[DEBUG utls] NextEvent: returning QUICStoreSession, SessionState=true
[DEBUG quic] handleEvent: kind=9
[DEBUG quic] QUICStoreSession event received, earlyData=true
[DEBUG utls] StoreSession: uquicConnPtr=0xc0002363e0, uconnPtr=0xc000490488, connPtr=0xc0004e4008, configPtr=0xc0004c4600, cachePtr=0xc00007cf00, cacheKey=quic.browserleaks.com
[DEBUG utls] StoreSession: storing session with earlyData=true
[DEBUG quic] handleEvent: kind=0
0-RTT: FALSE | Status: 200 | Protocol: h3 | Time: 5.7375667s

=== Request 4 ===
[DEBUG QUIC Pool] Session found for host="quic.browserleaks.com"
[DEBUG QUIC Pool] Using PSK spec (hasSession=true, cachedPSKSpec=true)
[DEBUG utls] shouldLoadSession: sessionTicketExt=false, pskExtension=true, buildStatus=0, loadTracker=0, state=0
[DEBUG utls] shouldLoadSession: returning shouldLoad
[DEBUG utls] loadSession called, ticketsDisabled=false, cacheNil=false, connPtr=0xc0004e4408, configPtr=0xc00020c800
[DEBUG utls] loadSession: cacheKey=quic.browserleaks.com
[DEBUG utls] loadSession: calling cache.Get(quic.browserleaks.com), cacheType=*tls.lruSessionCache, cachePtr=0xc00007cf00
[DEBUG utls] loadSession: cache.Get returned ok=true, csNil=false
[DEBUG quic] handleEvent: kind=8
[DEBUG quic] QUICResumeSession event received, earlyData=true
[DEBUG 0RTT] handleDataFromSessionState: earlyData=true, allow0RTT=true, data_len=37
[DEBUG 0RTT] decodeDataFromSessionState: tp=true
[DEBUG 0RTT] Setting zeroRTTParameters, returning true
[DEBUG ECH] clientHelloBuildStatus=1 (BuildByUtls=1), skipping ECH rebuild (already done)
[DEBUG ECH+PSK] ECH enabled: inner.earlyData=true, outer.earlyData=true
[DEBUG ECH+PSK] Setting up early traffic secret...
[DEBUG ECH+PSK] Using stored expandedInnerHello for early traffic: len=1909
[DEBUG ECH+PSK] Wrote expandedInnerHello to transcript
[DEBUG ECH+PSK] Early traffic transcript hash: c4acc4c7d2fa05be497d4beb3c5415ec
[DEBUG ECH+PSK] Calling quicSetWriteSecret for early data...
[DEBUG ECH+PSK] Early traffic secret set successfully
[DEBUG ECH+PSK] About to read ServerHello...
[DEBUG quic] handleEvent: kind=3
[DEBUG quic] handleEvent: kind=2
[DEBUG 0RTT] setWriteKey: level=1, suiteID=4865
[DEBUG 0RTT] Setting 0-RTT write key!
[DEBUG 0RTT] zeroRTTSealer created: true
[DEBUG quic] handleEvent: kind=0
[DEBUG 0RTT] Doing 0-RTT! zeroRTTSealer=true, zeroRTTParameters=true
[DEBUG ECH+PSK] Handshake failed with error: local error: tls: close notify
